===== 2 Threads =====
OpenMP Quicksort:
Sorted in 169.411620 seconds.
OpenMP Regular Sampling:
Sorted in 45.588799 seconds.
===== 4 Threads =====
OpenMP Quicksort:
Sorted in 119.741870 seconds.
OpenMP Regular Sampling:
Sorted in 22.947351 seconds.
===== 8 Threads =====
OpenMP Quicksort:
Sorted in 49.814895 seconds.
OpenMP Regular Sampling:
Sorted in 11.421750 seconds.
