===== 2 Threads =====
OpenMP Quicksort:
Sorted in 0.002593 seconds.
OpenMP Regular Sampling:
Sorted in 0.003694 seconds.
===== 4 Threads =====
OpenMP Quicksort:
Sorted in 0.002403 seconds.
OpenMP Regular Sampling:
Sorted in 0.003773 seconds.
===== 8 Threads =====
OpenMP Quicksort:
Sorted in 0.002114 seconds.
OpenMP Regular Sampling:
Sorted in 0.003718 seconds.
