===== 2 Threads =====
OpenMP Quicksort:
Sorted in 0.000409 seconds.
OpenMP Regular Sampling:
Sorted in 0.000336 seconds.
===== 4 Threads =====
OpenMP Quicksort:
Sorted in 0.000739 seconds.
OpenMP Regular Sampling:
Sorted in 0.000350 seconds.
===== 8 Threads =====
OpenMP Quicksort:
Sorted in 0.001041 seconds.
OpenMP Regular Sampling:
Sorted in 0.000319 seconds.
