===== 2 Threads =====
OpenMP Quicksort:
Sorted in 0.002648 seconds.
OpenMP Regular Sampling:
Sorted in 0.003773 seconds.
===== 4 Threads =====
OpenMP Quicksort:
Sorted in 0.002765 seconds.
OpenMP Regular Sampling:
Sorted in 0.003721 seconds.
===== 8 Threads =====
OpenMP Quicksort:
Sorted in 0.002326 seconds.
OpenMP Regular Sampling:
Sorted in 0.003781 seconds.
