===== 2 Threads =====
OpenMP Quicksort:
Sorted in 0.034434 seconds.
OpenMP Regular Sampling:
Sorted in 0.032078 seconds.
===== 4 Threads =====
OpenMP Quicksort:
Sorted in 0.021550 seconds.
OpenMP Regular Sampling:
Sorted in 0.015758 seconds.
===== 8 Threads =====
OpenMP Quicksort:
Sorted in 0.015503 seconds.
OpenMP Regular Sampling:
Sorted in 0.008784 seconds.
