===== 2 Threads =====
OpenMP Quicksort:
Sorted in 109.032079 seconds.
OpenMP Regular Sampling:
Sorted in 45.511520 seconds.
===== 4 Threads =====
OpenMP Quicksort:
Sorted in 88.194771 seconds.
OpenMP Regular Sampling:
Sorted in 22.870996 seconds.
===== 8 Threads =====
OpenMP Quicksort:
Sorted in 46.055224 seconds.
OpenMP Regular Sampling:
Sorted in 11.411394 seconds.
