MPI Quicksort:
vsetenv PMIX_SERVER_TMPDIR failed
--------------------------------------------------------------------------
WARNING: One or more nonexistent OpenFabrics devices/ports were
specified:

  Host:                 srvcnthpc605
  MCA parameter:        mca_btl_if_include
  Nonexistent entities: mlx5_0:1

These entities will be ignored.  You can disable this warning by
setting the btl_openib_warn_nonexistent_if MCA parameter to 0.
--------------------------------------------------------------------------
vsetenv PMIX_SERVER_TMPDIR failed
Sorted in 0.068839 seconds.
[srvcnthpc600.uct.ac.za:21287] 3 more processes have sent help message help-mpi-btl-openib.txt / nonexistent port
[srvcnthpc600.uct.ac.za:21287] Set MCA parameter "orte_base_help_aggregate" to 0 to see all help / error messages
MPI Regular Sampling:
vsetenv PMIX_SERVER_TMPDIR failed
--------------------------------------------------------------------------
WARNING: One or more nonexistent OpenFabrics devices/ports were
specified:

  Host:                 srvcnthpc605
  MCA parameter:        mca_btl_if_include
  Nonexistent entities: mlx5_0:1

These entities will be ignored.  You can disable this warning by
setting the btl_openib_warn_nonexistent_if MCA parameter to 0.
--------------------------------------------------------------------------
vsetenv PMIX_SERVER_TMPDIR failed
Sorted in 0.064122 seconds.
[srvcnthpc600.uct.ac.za:21323] 3 more processes have sent help message help-mpi-btl-openib.txt / nonexistent port
[srvcnthpc600.uct.ac.za:21323] Set MCA parameter "orte_base_help_aggregate" to 0 to see all help / error messages
