MPI Quicksort:
vsetenv PMIX_SERVER_TMPDIR failed
--------------------------------------------------------------------------
WARNING: One or more nonexistent OpenFabrics devices/ports were
specified:

  Host:                 srvcnthpc605
  MCA parameter:        mca_btl_if_include
  Nonexistent entities: mlx5_0:1

These entities will be ignored.  You can disable this warning by
setting the btl_openib_warn_nonexistent_if MCA parameter to 0.
--------------------------------------------------------------------------
vsetenv PMIX_SERVER_TMPDIR failed
[srvcnthpc600.uct.ac.za:24124] 3 more processes have sent help message help-mpi-btl-openib.txt / nonexistent port
[srvcnthpc600.uct.ac.za:24124] Set MCA parameter "orte_base_help_aggregate" to 0 to see all help / error messages
Sorted in 2.292008 seconds.
MPI Regular Sampling:
vsetenv PMIX_SERVER_TMPDIR failed
--------------------------------------------------------------------------
WARNING: One or more nonexistent OpenFabrics devices/ports were
specified:

  Host:                 srvcnthpc605
  MCA parameter:        mca_btl_if_include
  Nonexistent entities: mlx5_0:1

These entities will be ignored.  You can disable this warning by
setting the btl_openib_warn_nonexistent_if MCA parameter to 0.
--------------------------------------------------------------------------
vsetenv PMIX_SERVER_TMPDIR failed
Sorted in 1.354697 seconds.
[srvcnthpc600.uct.ac.za:24231] 3 more processes have sent help message help-mpi-btl-openib.txt / nonexistent port
[srvcnthpc600.uct.ac.za:24231] Set MCA parameter "orte_base_help_aggregate" to 0 to see all help / error messages
