===== 2 Threads =====
OpenMP Quicksort:
Sorted in 58.800798 seconds.
OpenMP Regular Sampling:
Sorted in 21.986658 seconds.
===== 4 Threads =====
OpenMP Quicksort:
Sorted in 36.349322 seconds.
OpenMP Regular Sampling:
Sorted in 11.188947 seconds.
===== 8 Threads =====
OpenMP Quicksort:
Sorted in 19.046079 seconds.
OpenMP Regular Sampling:
Sorted in 5.587474 seconds.
