===== 2 Threads =====
OpenMP Quicksort:
Sorted in 153.765570 seconds.
OpenMP Regular Sampling:
Sorted in 45.442689 seconds.
===== 4 Threads =====
OpenMP Quicksort:
Sorted in 94.041567 seconds.
OpenMP Regular Sampling:
Sorted in 22.806274 seconds.
===== 8 Threads =====
OpenMP Quicksort:
Sorted in 45.688180 seconds.
OpenMP Regular Sampling:
Sorted in 11.510362 seconds.
