===== 2 Threads =====
OpenMP Quicksort:
Sorted in 0.000596 seconds.
OpenMP Regular Sampling:
Sorted in 0.000377 seconds.
===== 4 Threads =====
OpenMP Quicksort:
Sorted in 0.000834 seconds.
OpenMP Regular Sampling:
Sorted in 0.000336 seconds.
===== 8 Threads =====
OpenMP Quicksort:
Sorted in 0.001085 seconds.
OpenMP Regular Sampling:
Sorted in 0.000320 seconds.
