===== 2 Threads =====
OpenMP Quicksort:
Sorted in 0.035753 seconds.
OpenMP Regular Sampling:
Sorted in 0.031293 seconds.
===== 4 Threads =====
OpenMP Quicksort:
Sorted in 0.025718 seconds.
OpenMP Regular Sampling:
Sorted in 0.016585 seconds.
===== 8 Threads =====
OpenMP Quicksort:
Sorted in 0.013585 seconds.
OpenMP Regular Sampling:
Sorted in 0.009073 seconds.
