MPI Quicksort:
vsetenv PMIX_SERVER_TMPDIR failed
--------------------------------------------------------------------------
WARNING: One or more nonexistent OpenFabrics devices/ports were
specified:

  Host:                 srvcnthpc605
  MCA parameter:        mca_btl_if_include
  Nonexistent entities: mlx5_0:1

These entities will be ignored.  You can disable this warning by
setting the btl_openib_warn_nonexistent_if MCA parameter to 0.
--------------------------------------------------------------------------
vsetenv PMIX_SERVER_TMPDIR failed
Sorted in 0.055683 seconds.
[srvcnthpc600.uct.ac.za:27778] 3 more processes have sent help message help-mpi-btl-openib.txt / nonexistent port
[srvcnthpc600.uct.ac.za:27778] Set MCA parameter "orte_base_help_aggregate" to 0 to see all help / error messages
MPI Regular Sampling:
vsetenv PMIX_SERVER_TMPDIR failed
--------------------------------------------------------------------------
WARNING: One or more nonexistent OpenFabrics devices/ports were
specified:

  Host:                 srvcnthpc605
  MCA parameter:        mca_btl_if_include
  Nonexistent entities: mlx5_0:1

These entities will be ignored.  You can disable this warning by
setting the btl_openib_warn_nonexistent_if MCA parameter to 0.
--------------------------------------------------------------------------
vsetenv PMIX_SERVER_TMPDIR failed
Sorted in 0.063712 seconds.
[srvcnthpc600.uct.ac.za:27814] 3 more processes have sent help message help-mpi-btl-openib.txt / nonexistent port
[srvcnthpc600.uct.ac.za:27814] Set MCA parameter "orte_base_help_aggregate" to 0 to see all help / error messages
