===== 2 Threads =====
OpenMP Quicksort:
Sorted in 0.020807 seconds.
OpenMP Regular Sampling:
Sorted in 0.014407 seconds.
===== 4 Threads =====
OpenMP Quicksort:
Sorted in 0.020294 seconds.
OpenMP Regular Sampling:
Sorted in 0.008174 seconds.
===== 8 Threads =====
OpenMP Quicksort:
Sorted in 0.010602 seconds.
OpenMP Regular Sampling:
Sorted in 0.005014 seconds.
