===== 2 Threads =====
OpenMP Quicksort:
Sorted in 4.095334 seconds.
OpenMP Regular Sampling:
Sorted in 4.257154 seconds.
===== 4 Threads =====
OpenMP Quicksort:
Sorted in 3.187387 seconds.
OpenMP Regular Sampling:
Sorted in 2.132247 seconds.
===== 8 Threads =====
OpenMP Quicksort:
Sorted in 1.911358 seconds.
OpenMP Regular Sampling:
Sorted in 1.049619 seconds.
