===== 2 Threads =====
OpenMP Quicksort:
Sorted in 0.151221 seconds.
OpenMP Regular Sampling:
Sorted in 0.180460 seconds.
===== 4 Threads =====
OpenMP Quicksort:
Sorted in 0.112730 seconds.
OpenMP Regular Sampling:
Sorted in 0.087874 seconds.
===== 8 Threads =====
OpenMP Quicksort:
Sorted in 0.065652 seconds.
OpenMP Regular Sampling:
Sorted in 0.045385 seconds.
