===== 2 Threads =====
OpenMP Quicksort:
Sorted in 49.660421 seconds.
OpenMP Regular Sampling:
Sorted in 22.238674 seconds.
===== 4 Threads =====
OpenMP Quicksort:
Sorted in 22.464706 seconds.
OpenMP Regular Sampling:
Sorted in 11.198857 seconds.
===== 8 Threads =====
OpenMP Quicksort:
Sorted in 14.231851 seconds.
OpenMP Regular Sampling:
Sorted in 5.585677 seconds.
