===== 2 Threads =====
OpenMP Quicksort:
Sorted in 0.001390 seconds.
OpenMP Regular Sampling:
Sorted in 0.001800 seconds.
===== 4 Threads =====
OpenMP Quicksort:
Sorted in 0.001478 seconds.
OpenMP Regular Sampling:
Sorted in 0.001839 seconds.
===== 8 Threads =====
OpenMP Quicksort:
Sorted in 0.001479 seconds.
OpenMP Regular Sampling:
Sorted in 0.001851 seconds.
