===== 2 Threads =====
OpenMP Quicksort:
Sorted in 2.192050 seconds.
OpenMP Regular Sampling:
Sorted in 2.076945 seconds.
===== 4 Threads =====
OpenMP Quicksort:
Sorted in 1.181849 seconds.
OpenMP Regular Sampling:
Sorted in 1.025941 seconds.
===== 8 Threads =====
OpenMP Quicksort:
Sorted in 1.022636 seconds.
OpenMP Regular Sampling:
Sorted in 0.516953 seconds.
