===== 2 Threads =====
OpenMP Quicksort:
Sorted in 0.001991 seconds.
OpenMP Regular Sampling:
Sorted in 0.002149 seconds.
===== 4 Threads =====
OpenMP Quicksort:
Sorted in 0.001694 seconds.
OpenMP Regular Sampling:
Sorted in 0.002130 seconds.
===== 8 Threads =====
OpenMP Quicksort:
Sorted in 0.001484 seconds.
OpenMP Regular Sampling:
Sorted in 0.002115 seconds.
